// Jest Snapshot v1, https://goo.gl/fbAQLP

exports[`Ship Test Case renders the ships 1`] = `
<div
  className="ships"
>
  <div
    className="ship-deck"
  />
  <Footer />
</div>
`;
