// Jest Snapshot v1, https://goo.gl/fbAQLP

exports[`renders component renders home component 1`] = `
<div>
  <img
    alt="spacex-img"
    className="spacex-img"
    src="https://www.teslarati.com/wp-content/uploads/2019/06/Starlink-coverage-Earth-SpaceX-2-crop.jpg"
  />
  <div
    className="second-div"
  >
    <Fade
      bottom={true}
    >
      <WithStyles(ForwardRef(Button))
        className="btn"
        variant="contained"
      >
        See The Launch
      </WithStyles(ForwardRef(Button))>
       
    </Fade>
  </div>
  <div
    className="card-deck"
  >
    <Fade
      bottom={true}
    >
      <div
        className="card"
      >
        <img
          alt="card-img"
          className="card-img"
          src="https://cnet1.cbsistatic.com/img/2ZjmzrycBZQD9Dpnt_EnfQ7TTro=/940x0/2020/05/31/5112f3db-5af6-431c-bc0d-a8108ccad2ee/spacex-falcon-9-launch.jpg"
        />
        <div
          className="card-detail"
        >
          <h1
            className="card-heading"
          >
            Launches
          </h1>
          <p
            className="card-para"
          >
            See all of SpaceX's launches into space
          </p>
          <WithStyles(ForwardRef(Button))
            className="link-btn"
            variant="contained"
          >
            View
          </WithStyles(ForwardRef(Button))>
        </div>
      </div>
    </Fade>
    <Fade
      bottom={true}
    >
      <div
        className="card"
      >
        <img
          alt="card-img"
          className="card-img"
          src="https://hips.hearstapps.com/pop.h-cdn.co/assets/17/30/1501012342-pmx090117-falconheavy01.jpg?crop=1.00xw:0.492xh;0,0.209xh&resize=480:*"
        />
        <div
          className="card-detail"
        >
          <h1
            className="card-heading"
          >
            Rockets
          </h1>
          <p
            className="card-para"
          >
            View all rockets that SpaceX uses
          </p>
          <WithStyles(ForwardRef(Button))
            className="link-btn"
            variant="contained"
          >
            View
          </WithStyles(ForwardRef(Button))>
        </div>
      </div>
    </Fade>
    <Fade
      bottom={true}
    >
      <div
        className="card"
      >
        <img
          alt="card-img"
          className="card-img"
          src="https://cdn.vox-cdn.com/thumbor/PCABXCkc8mm7G63iLECRcQBmA-I=/0x0:3840x2560/1200x800/filters:focal(1613x973:2227x1587)/cdn.vox-cdn.com/uploads/chorus_image/image/62194005/GO_SEARCHER_HELO_LANDING_20181018_Helicopter_Landing_Test_2018_10_19_291_9_.0.jpg"
        />
        <div
          className="card-detail"
        >
          <h1
            className="card-heading"
          >
            SpaceX Fleet
          </h1>
          <p
            className="card-para"
          >
            View all the boats & vehicles part of SpaceX Offshore Recovery System 
          </p>
          <WithStyles(ForwardRef(Button))
            className="link-btn"
            variant="contained"
          >
            View
          </WithStyles(ForwardRef(Button))>
        </div>
      </div>
    </Fade>
  </div>
  <div
    className="dragon-sim"
  >
    <div
      className="heading-section"
    >
      <h1
        className="dgs-heading"
      >
        SpaceX Dragon 2 Simulator
      </h1>
      <p
        className="dgs-para"
      >
        Dock the SpaceX Dragon 2 Satellite to the International Space Station in this realtime simulator with the controls our astronauts use on their missions.
      </p>
      <WithStyles(ForwardRef(Button))
        className="dgs-btn"
        variant="outlined"
      >
        <a
          href="https://iss-sim.spacex.com/"
        >
          Try Now
        </a>
      </WithStyles(ForwardRef(Button))>
    </div>
  </div>
  <Footer />
</div>
`;
